A tool for export datasources from the existing Grafana DB into a YAML provisioning file

Usage:
  grafana-datasource-to-yaml [command]

Available Commands:
  export      Export datasources
  help        Help about any command

Flags:
  -h, --help   help for grafana-datasource-to-yaml

Use "grafana-datasource-to-yaml [command] --help" for more information about a command.
