A tool for export datasources from the existing Grafana DB into a YAML provisioning file

Usage:
  hamara [command]

Available Commands:
  export      Export datasources
  help        Help about any command

Flags:
  -h, --help   help for hamara

Use "hamara [command] --help" for more information about a command.
